eeschema (2013-dec-23)-stable  >> Creation date: Mon 19 Dec 2016 18:58:13 KST
#Cmp ( order = Reference )
| C1         10u         ;             ;             
| C2         0.1u        ;             ;             
| C3         0.1u        ;             ;             
| C4         0.1u        ;             ;             
| C5         0.1u        ;             ;             
| C6         0.1u        ;             ;             
| C7         0.1u        ;             ;             
| CON1       CHARGE PSU  ;             ;             
| D1         1N914       ;             ;             
| D2         1N914       ;             ;             
| JP1        5V link     ;             ;             
| K1         TX2-5V      ;             ;             
| K2         TX2-5V      ;             ;             
| P1         SEN+        ;             ;             
| P2         SEN-        ;             ;             
| P3         BAT+        ;             ;             
| P4         BAT-        ;             ;             
| P5         Raspberry Pi;             ;             
| P6         FAN         ;             ;             
| Q1         2N3904      ;             ;             
| Q2         2N3904      ;             ;             
| Q3         TIP120      ;             ;             
| R1         20k         ;             ;             
| R2         20k         ;             ;             
| R3         10k         ;             ;             
| R4         20k         ;             ;             
| R5         10k         ;             ;             
| R6         20k         ;             ;             
| R7         10k         ;             ;             
| R8         20k         ;             ;             
| R9         10k         ;             ;             
| R10        20k         ;             ;             
| R11        10k         ;             ;             
| R12        20k         ;             ;             
| R13        10k         ;             ;             
| R14        20k         ;             ;             
| R15        10k         ;             ;             
| R16        20k         ;             ;             
| R17        10k         ;             ;             
| R18        20k         ;             ;             
| R19        10k         ;             ;             
| R20        20k         ;             ;             
| R21        10k         ;             ;             
| R22        20k         ;             ;             
| R23        10k         ;             ;             
| R24        20k         ;             ;             
| R25        15k         ;             ;             
| R26        20k         ;             ;             
| R27        10k         ;             ;             
| R28        20k         ;             ;             
| R29        10k         ;             ;             
| R30        20k         ;             ;             
| R31        10k         ;             ;             
| R32        20k         ;             ;             
| R33        20k         ;             ;             
| R34        1k          ;             ;             
| R35        10k         ;             ;             
| R36        100k        ;             ;             
| R37        20k         ;             ;             
| R38        4.7k        ;             ;             
| R39        10k         ;             ;             
| R40        100k        ;             ;             
| R41        20k         ;             ;             
| R42        4.7k        ;             ;             
| R43        1k          ;             ;             
| R44        1k          ;             ;             
| R45        0.1 2W      ;             ;             
| TP1        TST         ;             ;             
| TP2        TST         ;             ;             
| TP3        TST         ;             ;             
| TP4        TST         ;             ;             
| U1         74HCT4040   ;             ;             
| U2         74HCT125    ;             ;             
| U3         LM393       ;             ;             
| U4         LM358       ;             ;             
| U5         7805        ;             ;             
#End Cmp

#Cmp ( order = Value )
| 0.1u         C2        ;             ;             
| 0.1u         C3        ;             ;             
| 0.1u         C4        ;             ;             
| 0.1u         C5        ;             ;             
| 0.1u         C6        ;             ;             
| 0.1u         C7        ;             ;             
| 10u          C1        ;             ;             
| CHARGE PSU   CON1      ;             ;             
| 1N914        D1        ;             ;             
| 1N914        D2        ;             ;             
| 5V link      JP1       ;             ;             
| TX2-5V       K1        ;             ;             
| TX2-5V       K2        ;             ;             
| SEN+         P1        ;             ;             
| SEN-         P2        ;             ;             
| BAT+         P3        ;             ;             
| BAT-         P4        ;             ;             
| Raspberry Pi P5        ;             ;             
| FAN          P6        ;             ;             
| TIP120       Q3        ;             ;             
| 2N3904       Q1        ;             ;             
| 2N3904       Q2        ;             ;             
| 0.1 2W       R45       ;             ;             
| 1k           R34       ;             ;             
| 1k           R43       ;             ;             
| 1k           R44       ;             ;             
| 4.7k         R38       ;             ;             
| 4.7k         R42       ;             ;             
| 10k          R3        ;             ;             
| 10k          R5        ;             ;             
| 10k          R7        ;             ;             
| 10k          R9        ;             ;             
| 10k          R11       ;             ;             
| 10k          R13       ;             ;             
| 10k          R15       ;             ;             
| 10k          R17       ;             ;             
| 10k          R19       ;             ;             
| 10k          R21       ;             ;             
| 10k          R23       ;             ;             
| 10k          R27       ;             ;             
| 10k          R29       ;             ;             
| 10k          R31       ;             ;             
| 10k          R35       ;             ;             
| 10k          R39       ;             ;             
| 15k          R25       ;             ;             
| 20k          R1        ;             ;             
| 20k          R2        ;             ;             
| 20k          R4        ;             ;             
| 20k          R6        ;             ;             
| 20k          R8        ;             ;             
| 20k          R10       ;             ;             
| 20k          R12       ;             ;             
| 20k          R14       ;             ;             
| 20k          R16       ;             ;             
| 20k          R18       ;             ;             
| 20k          R20       ;             ;             
| 20k          R22       ;             ;             
| 20k          R24       ;             ;             
| 20k          R26       ;             ;             
| 20k          R28       ;             ;             
| 20k          R30       ;             ;             
| 20k          R32       ;             ;             
| 20k          R33       ;             ;             
| 20k          R37       ;             ;             
| 20k          R41       ;             ;             
| 100k         R36       ;             ;             
| 100k         R40       ;             ;             
| TST          TP1       ;             ;             
| TST          TP2       ;             ;             
| TST          TP3       ;             ;             
| TST          TP4       ;             ;             
| 7805         U5        ;             ;             
| 74HCT4040    U1        ;             ;             
| LM393        U3        ;             ;             
| LM358        U4        ;             ;             
| 74HCT125     U2        ;             ;             
#End Cmp

#End List
